------------------------------------------------------------
TimeQuest Timing Analyzer Summary
------------------------------------------------------------

Type  : Slow Model Setup 'clk'
Slack : -13.407
TNS   : -1842.449

Type  : Slow Model Setup 'clk_rom'
Slack : -3.273
TNS   : -223.058

Type  : Slow Model Hold 'clk'
Slack : 0.442
TNS   : 0.000

Type  : Slow Model Hold 'clk_rom'
Slack : 2.314
TNS   : 0.000

Type  : Slow Model Minimum Pulse Width 'clk_rom'
Slack : -2.000
TNS   : -345.380

Type  : Slow Model Minimum Pulse Width 'clk'
Slack : -1.627
TNS   : -737.322

Type  : Fast Model Setup 'clk'
Slack : -5.473
TNS   : -770.622

Type  : Fast Model Setup 'clk_rom'
Slack : -1.460
TNS   : -79.705

Type  : Fast Model Hold 'clk'
Slack : 0.190
TNS   : 0.000

Type  : Fast Model Hold 'clk_rom'
Slack : 0.856
TNS   : 0.000

Type  : Fast Model Minimum Pulse Width 'clk_rom'
Slack : -2.000
TNS   : -345.380

Type  : Fast Model Minimum Pulse Width 'clk'
Slack : -1.627
TNS   : -737.322

------------------------------------------------------------
