------------------------------------------------------------
TimeQuest Timing Analyzer Summary
------------------------------------------------------------

Type  : Slow Model Setup 'clk'
Slack : -14.543
TNS   : -1759.759

Type  : Slow Model Setup 'clk_rom'
Slack : -2.797
TNS   : -184.463

Type  : Slow Model Hold 'clk'
Slack : 0.524
TNS   : 0.000

Type  : Slow Model Hold 'clk_rom'
Slack : 0.911
TNS   : 0.000

Type  : Slow Model Minimum Pulse Width 'clk_rom'
Slack : -2.000
TNS   : -345.380

Type  : Slow Model Minimum Pulse Width 'clk'
Slack : -1.627
TNS   : -737.480

Type  : Fast Model Setup 'clk'
Slack : -6.182
TNS   : -737.282

Type  : Fast Model Setup 'clk_rom'
Slack : -1.460
TNS   : -71.555

Type  : Fast Model Hold 'clk'
Slack : 0.239
TNS   : 0.000

Type  : Fast Model Hold 'clk_rom'
Slack : 0.399
TNS   : 0.000

Type  : Fast Model Minimum Pulse Width 'clk_rom'
Slack : -2.000
TNS   : -345.380

Type  : Fast Model Minimum Pulse Width 'clk'
Slack : -1.627
TNS   : -737.480

------------------------------------------------------------
